// Jest Snapshot v1, https://goo.gl/fbAQLP

exports[`action type ADD_MESSAGE returns the correct state 1`] = `
Immutable.Map {
  "message": Immutable.Map {
    "message": "test",
    "isError": true,
  },
}
`;

exports[`action type CLEAR_MESSAGE_STATE returns the correct state 1`] = `
Immutable.Map {
  "message": Immutable.Map {},
}
`;

exports[`action type LOGOUT returns the correct state 1`] = `
Immutable.Map {
  "message": Immutable.Map {},
}
`;
